/help_page/1 126.318.035.038
/contact 184.123.665.067
/home 184.123.665.067
/home 184.123.665.067
/help_page/1 929.398.951.889
/help_page/1 929.398.951.889